debug 20:37:34: Read file content: /home/daniel/plp/Warriors-Fate-Prolog/Lib.pl
debug 20:37:34: no more tokens
debug 20:37:34: Stop server
